Microchip MPLAB XC8 Compiler V2.05 ()

Linker command line:

-W-3 --edf=/Applications/microchip/xc8/v2.05/pic/dat/en_msgs.txt -cs \
  -h+dist/default/production/ee4-project-Cube.production.sym \
  --cmf=dist/default/production/ee4-project-Cube.production.cmf -z \
  -Q18F25K50 -o/tmp/xcuLd0M4i --defsym=__MPLAB_BUILD=1 \
  -Mdist/default/production/ee4-project-Cube.production.map -E1 -ver=XC8 \
  -ASTACK=02C8h-07FFh -pstack=STACK -ACODE=01000h-07FFFh \
  -ACONST=01000h-07FFFh -ASMALLCONST=01000h-010FFhx112 \
  -AMEDIUMCONST=01000h-07FFFh -ACOMRAM=01h-05Fh -AABS1=00h-07FFh \
  -ABIGRAM=01h-07FFh -ARAM=060h-0FFh,0100h-01FFhx7 -ABANK0=060h-0FFh \
  -ABANK1=0100h-01FFh -ABANK2=0200h-02FFh -ABANK3=0300h-03FFh \
  -ABANK4=0400h-04FFh -ABANK5=0500h-05FFh -ABANK6=0600h-06FFh \
  -ABANK7=0700h-07FFh -ASFR=0F53h-0F5Fh,0F60h-0FFFh \
  -preset_vec=01000h,intcode=01008h,intcodelo,powerup,init -pramtop=0800h \
  -psmallconst=SMALLCONST -pmediumconst=MEDIUMCONST -pconst=CONST \
  -AFARRAM=00h-00h -ACONFIG=0300000h-030000Dh -pconfig=CONFIG \
  -AIDLOC=0200000h-0200007h -pidloc=IDLOC -AEEDATA=0F00000h-0F000FFh \
  -peeprom_data=EEDATA \
  -prdata=COMRAM,nvrram=COMRAM,nvbit=COMRAM,rbss=COMRAM,rbit=COMRAM \
  -pfarbss=FARRAM,fardata=FARRAM,nvFARRAM=FARRAM \
  -pintsave_regs=BIGRAM,bigbss=BIGRAM,bigdata=BIGRAM -pbss=RAM \
  -pidata=CODE,irdata=CODE,ibigdata=CODE,ifardata=CODE -prparam=COMRAM \
  /tmp/xcjve9zPG.o dist/default/production/ee4-project-Cube.production.o 

Object code version is 3.11

Machine type is 18F25K50

Call graph: (short form)




                Name                               Link     Load   Length Selector   Space Scale
/tmp/xcjve9zPG.o
                init                               1012     1012        4      804       0
                reset_vec                          1000     1000        4      800       0
                idloc                            200000   200000        8   200000       0
                config                           300000   300000        E   300000       0
dist/default/production/ee4-project-Cube.production.o
                intcode                            1008     1008        A      804       0
                temp                                 56       56        1        1       1
                text20                             1BDC     1BDC       32      804       0
                text18                             1CB2     1CB2       10      804       0
                text17                             1CD0     1CD0        6      804       0
                text16                             18C6     18C6       70      804       0
                text15                             1A8C     1A8C       52      804       0
                text14                             1C0E     1C0E       28      804       0
                text13                             1C58     1C58       1C      804       0
                text12                             1B76     1B76       34      804       0
                text11                             1B2C     1B2C       4A      804       0
                text10                             1990     1990       56      804       0
                text9                              1A3A     1A3A       52      804       0
                text8                              1CC2     1CC2        E      804       0
                text7                              1016     1016      744      804       0
                text6                              1854     1854       72      804       0
                text5                              1C8C     1C8C       14      804       0
                text4                              19E6     19E6       54      804       0
                text3                              1BAA     1BAA       32      804       0
                text2                              1ADE     1ADE       4E      804       0
                text1                              1CA0     1CA0       12      804       0
                text0                              1C74     1C74       18      804       0
                cstackCOMRAM                         3D       3D       19        1       1
                bssBANK2                            200      200       C8      200       1
                dataBANK1                           100      100       74      100       1
                dataBANK0                            60       60       5A       60       1
                dataCOMRAM                            1        1       22        1       1
                bssCOMRAM                            23       23       1A        1       1
                cinit                              175A     175A       86      804       0
                idataBANK1                         17E0     17E0       74      804       0
                idataBANK0                         1936     1936       5A      804       0
                idataCOMRAM                        1C36     1C36       22      804       0

TOTAL           Name                               Link     Load   Length     Space
        CLASS   STACK          

        CLASS   CODE           
                intcode                            1008     1008        A         0
                init                               1012     1012        4         0
                reset_vec                          1000     1000        4         0
                text20                             1BDC     1BDC       32         0
                text18                             1CB2     1CB2       10         0
                text17                             1CD0     1CD0        6         0
                text16                             18C6     18C6       70         0
                text15                             1A8C     1A8C       52         0
                text14                             1C0E     1C0E       28         0
                text13                             1C58     1C58       1C         0
                text12                             1B76     1B76       34         0
                text11                             1B2C     1B2C       4A         0
                text10                             1990     1990       56         0
                text9                              1A3A     1A3A       52         0
                text8                              1CC2     1CC2        E         0
                text7                              1016     1016      744         0
                text6                              1854     1854       72         0
                text5                              1C8C     1C8C       14         0
                text4                              19E6     19E6       54         0
                text3                              1BAA     1BAA       32         0
                text2                              1ADE     1ADE       4E         0
                text1                              1CA0     1CA0       12         0
                text0                              1C74     1C74       18         0
                cinit                              175A     175A       86         0
                idataBANK1                         17E0     17E0       74         0
                idataBANK0                         1936     1936       5A         0
                idataCOMRAM                        1C36     1C36       22         0

        CLASS   CONST          

        CLASS   SMALLCONST     

        CLASS   MEDIUMCONST    

        CLASS   COMRAM         
                temp                                 56       56        1         1
                cstackCOMRAM                         3D       3D       19         1
                dataCOMRAM                            1        1       22         1
                bssCOMRAM                            23       23       1A         1

        CLASS   ABS1           

        CLASS   BIGRAM         

        CLASS   RAM            

        CLASS   BANK0          
                dataBANK0                            60       60       5A         1

        CLASS   BANK1          
                dataBANK1                           100      100       74         1

        CLASS   BANK2          
                bssBANK2                            200      200       C8         1

        CLASS   BANK3          

        CLASS   BANK4          

        CLASS   BANK5          

        CLASS   BANK6          

        CLASS   BANK7          

        CLASS   SFR            

        CLASS   FARRAM         

        CLASS   CONFIG         
                config                           300000   300000        E         0

        CLASS   IDLOC          
                idloc                            200000   200000        8         0

        CLASS   EEDATA         



SEGMENTS        Name                           Load    Length   Top    Selector   Space  Class

                dataCOMRAM                     000001  000056  000057         1       1  COMRAM  
                dataBANK1                      000100  000074  000174       100       1  BANK1   
                dataBANK0                      000060  00005A  0000BA        60       1  BANK0   
                bssBANK2                       000200  0000C8  0002C8       200       1  BANK2   
                intcode                        001008  000CCE  001CD6       804       0  CODE    
                reset_vec                      001000  000004  001004       800       0  CODE    
                idloc                          200000  000008  200008    200000       0  IDLOC   
                config                         300000  00000E  30000E    300000       0  CONFIG  


UNUSED ADDRESS RANGES

        Name                Unused          Largest block    Delta
        BANK0            0000BA-0000FF               46
        BANK1            000174-0001FF               8C
        BANK2            0002C8-0002FF               38
        BANK3            000300-0003FF              100
        BANK4            000400-0004FF              100
        BANK5            000500-0005FF              100
        BANK6            000600-0006FF              100
        BANK7            000700-0007FF              100
        BIGRAM           000057-00005F                9
                         0000BA-0000FF               46
                         000174-0001FF               8C
                         0002C8-0007FF              538
        CODE             001004-001007                4
                         001CD6-007FFF             632A
        COMRAM           000057-00005F                9
        CONST            001004-001007                4
                         001CD6-007FFF             632A
        EEDATA           F00000-F000FF              100
        FARRAM           000000-000000                1
        MEDIUMCONST      001004-001007                4
                         001CD6-007FFF             632A
        RAM              0000BA-0000FF               46
                         000174-0001FF               8C
                         0002C8-0007FF              100
        SFR              000F53-000FFF                D
        SMALLCONST       001004-001007                4
                         001CD6-007FFF              100
        STACK            0002C8-0007FF              538

                                  Symbol Table

?___awmod                   cstackCOMRAM 00004C
?___lmul                    cstackCOMRAM 00003E
?___lwdiv                   cstackCOMRAM 00003E
?_abs                       cstackCOMRAM 00003E
?_rand                      cstackCOMRAM 00004A
AUDIO_play@freq             cstackCOMRAM 00003E
OpenTimer0@intEnable        cstackCOMRAM 000040
OpenTimer1@intEnable        cstackCOMRAM 000040
_ANSELCbits                 (abs)        000F5D
_AUDIO_ISR                  text20       001BDC
_AUDIO_init                 text5        001C8C
_AUDIO_play                 text18       001CB2
_AUDIO_stop                 text17       001CD0
_INTCONbits                 (abs)        000FF2
_IPR1bits                   (abs)        000F9F
_IPR2bits                   (abs)        000FA2
_LATA                       (abs)        000F89
_LATAbits                   (abs)        000F89
_LATB                       (abs)        000F8A
_LATBbits                   (abs)        000F8A
_LATC                       (abs)        000F8B
_OSCCONbits                 (abs)        000FD3
_OpenTimer0                 text4        0019E6
_OpenTimer1                 text6        001854
_PIE1bits                   (abs)        000F9D
_PIE2bits                   (abs)        000FA0
_PIR1bits                   (abs)        000F9E
_PIR2bits                   (abs)        000FA1
_PORTBbits                  (abs)        000F81
_PORTCbits                  (abs)        000F82
_T0CONbits                  (abs)        000FD5
_T1CONbits                  (abs)        000FCD
_T3CONbits                  (abs)        000FB1
_TMR0H                      (abs)        000FD7
_TMR0L                      (abs)        000FD6
_TMR1                       (abs)        000FCE
_TMR3H                      (abs)        000FB3
_TMR3L                      (abs)        000FB2
_TRISAbits                  (abs)        000F92
_TRISBbits                  (abs)        000F93
_TRISCbits                  (abs)        000F94
__HRAM                      (abs)        000000
__Habs1                     abs1         000000
__Hbank0                    bank0        000000
__Hbank1                    bank1        000000
__Hbank2                    bank2        000000
__Hbank3                    bank3        000000
__Hbank4                    bank4        000000
__Hbank5                    bank5        000000
__Hbank6                    bank6        000000
__Hbank7                    bank7        000000
__Hbigbss                   bigbss       000000
__Hbigdata                  bigdata      000000
__Hbigram                   bigram       000000
__Hbss                      bss          000000
__HbssBANK2                 bssBANK2     000000
__HbssCOMRAM                bssCOMRAM    000000
__Hcinit                    cinit        000000
__Hclrtext                  clrtext      000000
__Hcomram                   comram       000000
__Hconfig                   config       30000E
__Hconst                    const        000000
__HcstackCOMRAM             cstackCOMRAM 000000
__Hdata                     data         000000
__HdataBANK0                dataBANK0    000000
__HdataBANK1                dataBANK1    000000
__HdataCOMRAM               dataCOMRAM   000000
__Heeprom_data              eeprom_data  000000
__Hfarbss                   farbss       000000
__Hfardata                  fardata      000000
__Hibigdata                 ibigdata     000000
__Hidata                    idata        000000
__HidataBANK0               idataBANK0   000000
__HidataBANK1               idataBANK1   000000
__HidataCOMRAM              idataCOMRAM  000000
__Hidloc                    idloc        200008
__Hifardata                 ifardata     000000
__Hinit                     init         001016
__Hintcode                  intcode      001012
__Hintcode_body             intcode_body 000000
__Hintcodelo                intcodelo    001012
__Hintentry                 intentry     000000
__Hintret                   intret       000000
__Hintsave_regs             intsave_regs 000000
__Hirdata                   irdata       000000
__Hmediumconst              mediumconst  000000
__HnvFARRAM                 nvFARRAM     000000
__Hnvbit                    nvbit        000000
__Hnvrram                   nvrram       000000
__Hparam                    rparam       000000
__Hpowerup                  powerup      001012
__Hram                      ram          000000
__Hramtop                   ramtop       000800
__Hrbit                     rbit         000000
__Hrbss                     rbss         000000
__Hrdata                    rdata        000000
__Hreset_vec                reset_vec    001004
__Hrparam                   rparam       000000
__Hsfr                      sfr          000000
__Hsmallconst               smallconst   000000
__Hspace_0                  (abs)        30000E
__Hspace_1                  (abs)        0002C8
__Hspace_2                  (abs)        000000
__Hstack                    stack        000000
__Hstruct                   struct       000000
__Htemp                     temp         000057
__Htext                     text         000000
__Htext0                    text0        000000
__Htext1                    text1        000000
__Htext10                   text10       000000
__Htext11                   text11       000000
__Htext12                   text12       000000
__Htext13                   text13       000000
__Htext14                   text14       000000
__Htext15                   text15       000000
__Htext16                   text16       000000
__Htext17                   text17       000000
__Htext18                   text18       000000
__Htext2                    text2        000000
__Htext20                   text20       000000
__Htext3                    text3        000000
__Htext4                    text4        000000
__Htext5                    text5        000000
__Htext6                    text6        000000
__Htext7                    text7        000000
__Htext8                    text8        000000
__Htext9                    text9        000000
__LRAM                      (abs)        000001
__Labs1                     abs1         000000
__Lbank0                    bank0        000000
__Lbank1                    bank1        000000
__Lbank2                    bank2        000000
__Lbank3                    bank3        000000
__Lbank4                    bank4        000000
__Lbank5                    bank5        000000
__Lbank6                    bank6        000000
__Lbank7                    bank7        000000
__Lbigbss                   bigbss       000000
__Lbigdata                  bigdata      000000
__Lbigram                   bigram       000000
__Lbss                      bss          000000
__LbssBANK2                 bssBANK2     000000
__LbssCOMRAM                bssCOMRAM    000000
__Lcinit                    cinit        000000
__Lclrtext                  clrtext      000000
__Lcomram                   comram       000000
__Lconfig                   config       300000
__Lconst                    const        000000
__LcstackCOMRAM             cstackCOMRAM 000000
__Ldata                     data         000000
__LdataBANK0                dataBANK0    000000
__LdataBANK1                dataBANK1    000000
__LdataCOMRAM               dataCOMRAM   000000
__Leeprom_data              eeprom_data  000000
__Lfarbss                   farbss       000000
__Lfardata                  fardata      000000
__Libigdata                 ibigdata     000000
__Lidata                    idata        000000
__LidataBANK0               idataBANK0   000000
__LidataBANK1               idataBANK1   000000
__LidataCOMRAM              idataCOMRAM  000000
__Lidloc                    idloc        200000
__Lifardata                 ifardata     000000
__Linit                     init         001012
__Lintcode                  intcode      001008
__Lintcode_body             intcode_body 000000
__Lintcodelo                intcodelo    001012
__Lintentry                 intentry     000000
__Lintret                   intret       000000
__Lintsave_regs             intsave_regs 000000
__Lirdata                   irdata       000000
__Lmediumconst              mediumconst  000000
__LnvFARRAM                 nvFARRAM     000000
__Lnvbit                    nvbit        000000
__Lnvrram                   nvrram       000000
__Lparam                    rparam       000000
__Lpowerup                  powerup      001012
__Lram                      ram          000000
__Lramtop                   ramtop       000800
__Lrbit                     rbit         000000
__Lrbss                     rbss         000000
__Lrdata                    rdata        000000
__Lreset_vec                reset_vec    001000
__Lrparam                   rparam       000000
__Lsfr                      sfr          000000
__Lsmallconst               smallconst   000000
__Lspace_0                  (abs)        000000
__Lspace_1                  (abs)        000000
__Lspace_2                  (abs)        000000
__Lstack                    stack        000000
__Lstruct                   struct       000000
__Ltemp                     temp         000056
__Ltext                     text         000000
__Ltext0                    text0        000000
__Ltext1                    text1        000000
__Ltext10                   text10       000000
__Ltext11                   text11       000000
__Ltext12                   text12       000000
__Ltext13                   text13       000000
__Ltext14                   text14       000000
__Ltext15                   text15       000000
__Ltext16                   text16       000000
__Ltext17                   text17       000000
__Ltext18                   text18       000000
__Ltext2                    text2        000000
__Ltext20                   text20       000000
__Ltext3                    text3        000000
__Ltext4                    text4        000000
__Ltext5                    text5        000000
__Ltext6                    text6        000000
__Ltext7                    text7        000000
__Ltext8                    text8        000000
__Ltext9                    text9        000000
__S0                        (abs)        30000E
__S1                        (abs)        0002C8
__S2                        (abs)        000000
___awmod                    text16       0018C6
___awmod@counter            cstackCOMRAM 000050
___awmod@dividend           cstackCOMRAM 00004C
___awmod@divisor            cstackCOMRAM 00004E
___awmod@sign               cstackCOMRAM 000051
___inthi_sp                 stack        000000
___intlo_sp                 stack        000000
___lmul                     text10       001990
___lmul@multiplicand        cstackCOMRAM 000042
___lmul@multiplier          cstackCOMRAM 00003E
___lmul@product             cstackCOMRAM 000046
___lwdiv                    text15       001A8C
___lwdiv@counter            cstackCOMRAM 000044
___lwdiv@dividend           cstackCOMRAM 00003E
___lwdiv@divisor            cstackCOMRAM 000040
___lwdiv@quotient           cstackCOMRAM 000042
___param_bank               (abs)        000000
___rparam_used              (abs)        000001
___sp                       stack        000000
__accesstop                 (abs)        000060
__activetblptr              (abs)        000002
__end_of_AUDIO_ISR          text20       001C0E
__end_of_AUDIO_init         text5        001CA0
__end_of_AUDIO_play         text18       001CC2
__end_of_AUDIO_stop         text17       001CD6
__end_of_OpenTimer0         text4        001A3A
__end_of_OpenTimer1         text6        0018C6
__end_of___awmod            text16       001936
__end_of___lmul             text10       0019E6
__end_of___lwdiv            text15       001ADE
__end_of__initialization    cinit        0017D2
__end_of_abs                text14       001C36
__end_of_buttonpressed      text13       001C74
__end_of_checkbutton        text12       001BAA
__end_of_fire_led           text11       001B76
__end_of_fsm_cube           text7        00175A
__end_of_fsm_cube_init      text3        001BDC
__end_of_init               text2        001B2C
__end_of_interrupt_handler  intcode      001012
__end_of_main               text0        001C8C
__end_of_rand               text9        001A8C
__end_of_srand              text8        001CD0
__end_of_timed_to_1ms       text1        001CB2
__initialization            cinit        00175A
__mediumconst               mediumconst  000000
__pbssBANK2                 bssBANK2     000200
__pbssCOMRAM                bssCOMRAM    000023
__pcinit                    cinit        00175A
__pcstackCOMRAM             cstackCOMRAM 00003D
__pdataBANK0                dataBANK0    000060
__pdataBANK1                dataBANK1    000100
__pdataCOMRAM               dataCOMRAM   000001
__pidataBANK0               idataBANK0   001936
__pidataBANK1               idataBANK1   0017E0
__pidataCOMRAM              idataCOMRAM  001C36
__pintcode                  intcode      001008
__ptext0                    text0        001C74
__ptext1                    text1        001CA0
__ptext10                   text10       001990
__ptext11                   text11       001B2C
__ptext12                   text12       001B76
__ptext13                   text13       001C58
__ptext14                   text14       001C0E
__ptext15                   text15       001A8C
__ptext16                   text16       0018C6
__ptext17                   text17       001CD0
__ptext18                   text18       001CB2
__ptext2                    text2        001ADE
__ptext20                   text20       001BDC
__ptext3                    text3        001BAA
__ptext4                    text4        0019E6
__ptext5                    text5        001C8C
__ptext6                    text6        001854
__ptext7                    text7        001016
__ptext8                    text8        001CC2
__ptext9                    text9        001A3A
__ramtop                    ramtop       000800
__size_of_AUDIO_ISR         (abs)        000000
__size_of_AUDIO_init        (abs)        000000
__size_of_AUDIO_play        (abs)        000000
__size_of_AUDIO_stop        (abs)        000000
__size_of_OpenTimer0        (abs)        000000
__size_of_OpenTimer1        (abs)        000000
__size_of___awmod           (abs)        000000
__size_of___lmul            (abs)        000000
__size_of___lwdiv           (abs)        000000
__size_of_abs               (abs)        000000
__size_of_buttonpressed     (abs)        000000
__size_of_checkbutton       (abs)        000000
__size_of_fire_led          (abs)        000000
__size_of_fsm_cube          (abs)        000000
__size_of_fsm_cube_init     (abs)        000000
__size_of_init              (abs)        000000
__size_of_interrupt_handler (abs)        000000
__size_of_main              (abs)        000000
__size_of_rand              (abs)        000000
__size_of_srand             (abs)        000000
__size_of_timed_to_1ms      (abs)        000000
__smallconst                smallconst   000000
_abs                        text14       001C0E
_all_notes                  dataCOMRAM   000001
_buttonpressed              text13       001C58
_checkbutton                text12       001B76
_count                      bssCOMRAM    00002B
_current_state              bssCOMRAM    00003C
_fire_led                   text11       001B2C
_fsm_cube                   text7        001016
_fsm_cube_init              text3        001BAA
_game3seq                   bssBANK2     000200
_game_lenght                bssCOMRAM    000029
_game_time                  bssCOMRAM    00002F
_init                       text2        001ADE
_interrupt_handler          intcode      001008
_led1_output                bssCOMRAM    000033
_led_switch                 bssCOMRAM    00003B
_loser                      bssCOMRAM    000038
_loser_melody               dataBANK0    000060
_main                       text0        001C74
_melody_index               bssCOMRAM    000037
_next_led                   bssCOMRAM    00003A
_rand                       text9        001A3A
_randx                      dataCOMRAM   00001F
_score                      bssCOMRAM    00002D
_servo_counter              bssCOMRAM    000034
_servo_setpoint             bssCOMRAM    000035
_srand                      text8        001CC2
_start_melody               dataBANK1    000100
_status                     bssCOMRAM    000039
_stop                       bssCOMRAM    000036
_time                       bssCOMRAM    000031
_timed_to_1ms               text1        001CA0
_timer_preload              bssCOMRAM    000023
_wait_time                  bssCOMRAM    000027
abs@a                       cstackCOMRAM 00003E
btemp                       temp         000056
end_of_initialization       cinit        0017D2
fire_led@ledint             cstackCOMRAM 00003E
int$flags                   temp         000056
intlevel0                   text         000000
intlevel1                   text         000000
intlevel2                   text         000000
intlevel3                   text         000000
srand@x                     cstackCOMRAM 00003E
stackhi                     (abs)        0007FF
stacklo                     (abs)        0002C8
start                       init         001012
start_initialization        cinit        00175A
ttemp5                      temp         000057
ttemp6                      temp         00005A
ttemp7                      temp         00005E
wtemp8                      temp         000057


FUNCTION INFORMATION:

 *************** function _main *****************
 Defined at:
		line 38 in file "main.c"
 Parameters:    Size  Location     Type
		None
 Auto vars:     Size  Location     Type
		None
 Return value:  Size  Location     Type
                  1    wreg      void 
 Registers used:
		wreg, fsr2l, fsr2h, status,2, status,0, prodl, prodh, cstack
 Tracked objects:
		On entry : 
		On exit  : 
		Unchanged: 
 Data sizes:     COMRAM   BANK0   BANK1   BANK2   BANK3   BANK4   BANK5   BANK6   BANK7
      Params:         0       0       0       0       0       0       0       0       0
      Locals:         0       0       0       0       0       0       0       0       0
      Temps:          0       0       0       0       0       0       0       0       0
      Totals:         0       0       0       0       0       0       0       0       0
Total ram usage:        0 bytes
 Hardware stack levels required when called:    5
 This function calls:
		_fsm_cube
		_init
		_timed_to_1ms
 This function is called by:
		Startup code after reset
 This function uses a non-reentrant model


 *************** function _timed_to_1ms *****************
 Defined at:
		line 137 in file "main.c"
 Parameters:    Size  Location     Type
		None
 Auto vars:     Size  Location     Type
		None
 Return value:  Size  Location     Type
                  1    wreg      unsigned char 
 Registers used:
		wreg, status,2
 Tracked objects:
		On entry : 
		On exit  : 
		Unchanged: 
 Data sizes:     COMRAM   BANK0   BANK1   BANK2   BANK3   BANK4   BANK5   BANK6   BANK7
      Params:         0       0       0       0       0       0       0       0       0
      Locals:         0       0       0       0       0       0       0       0       0
      Temps:          0       0       0       0       0       0       0       0       0
      Totals:         0       0       0       0       0       0       0       0       0
Total ram usage:        0 bytes
 Hardware stack levels used:    1
 Hardware stack levels required when called:    2
 This function calls:
		Nothing
 This function is called by:
		_main
 This function uses a non-reentrant model


 *************** function _init *****************
 Defined at:
		line 59 in file "main.c"
 Parameters:    Size  Location     Type
		None
 Auto vars:     Size  Location     Type
		None
 Return value:  Size  Location     Type
                  1    wreg      void 
 Registers used:
		wreg, status,2, status,0, cstack
 Tracked objects:
		On entry : 
		On exit  : 
		Unchanged: 
 Data sizes:     COMRAM   BANK0   BANK1   BANK2   BANK3   BANK4   BANK5   BANK6   BANK7
      Params:         0       0       0       0       0       0       0       0       0
      Locals:         0       0       0       0       0       0       0       0       0
      Temps:          0       0       0       0       0       0       0       0       0
      Totals:         0       0       0       0       0       0       0       0       0
Total ram usage:        0 bytes
 Hardware stack levels used:    1
 Hardware stack levels required when called:    4
 This function calls:
		_AUDIO_init
		_OpenTimer0
		_fsm_cube_init
 This function is called by:
		_main
 This function uses a non-reentrant model


 *************** function _fsm_cube_init *****************
 Defined at:
		line 34 in file "fsm_cube.c"
 Parameters:    Size  Location     Type
		None
 Auto vars:     Size  Location     Type
		None
 Return value:  Size  Location     Type
                  1    wreg      void 
 Registers used:
		wreg, status,2
 Tracked objects:
		On entry : 
		On exit  : 
		Unchanged: 
 Data sizes:     COMRAM   BANK0   BANK1   BANK2   BANK3   BANK4   BANK5   BANK6   BANK7
      Params:         0       0       0       0       0       0       0       0       0
      Locals:         0       0       0       0       0       0       0       0       0
      Temps:          0       0       0       0       0       0       0       0       0
      Totals:         0       0       0       0       0       0       0       0       0
Total ram usage:        0 bytes
 Hardware stack levels used:    1
 Hardware stack levels required when called:    2
 This function calls:
		Nothing
 This function is called by:
		_init
 This function uses a non-reentrant model


 *************** function _OpenTimer0 *****************
 Defined at:
		line 116 in file "main.c"
 Parameters:    Size  Location     Type
  intEnable       1    wreg     unsigned char 
 Auto vars:     Size  Location     Type
  intEnable       1    3[COMRAM] unsigned char 
 Return value:  Size  Location     Type
                  1    wreg      void 
 Registers used:
		wreg, status,2, status,0
 Tracked objects:
		On entry : 
		On exit  : 
		Unchanged: 
 Data sizes:     COMRAM   BANK0   BANK1   BANK2   BANK3   BANK4   BANK5   BANK6   BANK7
      Params:         0       0       0       0       0       0       0       0       0
      Locals:         1       0       0       0       0       0       0       0       0
      Temps:          2       0       0       0       0       0       0       0       0
      Totals:         3       0       0       0       0       0       0       0       0
Total ram usage:        3 bytes
 Hardware stack levels used:    1
 Hardware stack levels required when called:    2
 This function calls:
		Nothing
 This function is called by:
		_init
 This function uses a non-reentrant model


 *************** function _AUDIO_init *****************
 Defined at:
		line 42 in file "func_audio.c"
 Parameters:    Size  Location     Type
		None
 Auto vars:     Size  Location     Type
		None
 Return value:  Size  Location     Type
                  1    wreg      void 
 Registers used:
		wreg, status,2, status,0, cstack
 Tracked objects:
		On entry : 
		On exit  : 
		Unchanged: 
 Data sizes:     COMRAM   BANK0   BANK1   BANK2   BANK3   BANK4   BANK5   BANK6   BANK7
      Params:         0       0       0       0       0       0       0       0       0
      Locals:         0       0       0       0       0       0       0       0       0
      Temps:          0       0       0       0       0       0       0       0       0
      Totals:         0       0       0       0       0       0       0       0       0
Total ram usage:        0 bytes
 Hardware stack levels used:    1
 Hardware stack levels required when called:    3
 This function calls:
		_OpenTimer1
 This function is called by:
		_init
 This function uses a non-reentrant model


 *************** function _OpenTimer1 *****************
 Defined at:
		line 103 in file "func_audio.c"
 Parameters:    Size  Location     Type
  intEnable       1    wreg     unsigned char 
 Auto vars:     Size  Location     Type
  intEnable       1    3[COMRAM] unsigned char 
 Return value:  Size  Location     Type
                  1    wreg      void 
 Registers used:
		wreg, status,2, status,0
 Tracked objects:
		On entry : 
		On exit  : 
		Unchanged: 
 Data sizes:     COMRAM   BANK0   BANK1   BANK2   BANK3   BANK4   BANK5   BANK6   BANK7
      Params:         0       0       0       0       0       0       0       0       0
      Locals:         1       0       0       0       0       0       0       0       0
      Temps:          2       0       0       0       0       0       0       0       0
      Totals:         3       0       0       0       0       0       0       0       0
Total ram usage:        3 bytes
 Hardware stack levels used:    1
 Hardware stack levels required when called:    2
 This function calls:
		Nothing
 This function is called by:
		_AUDIO_init
 This function uses a non-reentrant model


 *************** function _fsm_cube *****************
 Defined at:
		line 53 in file "fsm_cube.c"
 Parameters:    Size  Location     Type
		None
 Auto vars:     Size  Location     Type
		None
 Return value:  Size  Location     Type
                  1    wreg      void 
 Registers used:
		wreg, fsr2l, fsr2h, status,2, status,0, prodl, prodh, cstack
 Tracked objects:
		On entry : 
		On exit  : 
		Unchanged: 
 Data sizes:     COMRAM   BANK0   BANK1   BANK2   BANK3   BANK4   BANK5   BANK6   BANK7
      Params:         0       0       0       0       0       0       0       0       0
      Locals:         0       0       0       0       0       0       0       0       0
      Temps:          4       0       0       0       0       0       0       0       0
      Totals:         4       0       0       0       0       0       0       0       0
Total ram usage:        4 bytes
 Hardware stack levels used:    1
 Hardware stack levels required when called:    4
 This function calls:
		_AUDIO_play
		_AUDIO_stop
		___awmod
		___lwdiv
		_abs
		_buttonpressed
		_checkbutton
		_fire_led
		_rand
		_srand
 This function is called by:
		_main
 This function uses a non-reentrant model


 *************** function _srand *****************
 Defined at:
		line 6 in file "/Applications/microchip/xc8/v2.05/pic/sources/c90/common/rand.c"
 Parameters:    Size  Location     Type
  x               2    1[COMRAM] unsigned int 
 Auto vars:     Size  Location     Type
		None
 Return value:  Size  Location     Type
                  1    wreg      void 
 Registers used:
		status,2
 Tracked objects:
		On entry : 
		On exit  : 
		Unchanged: 
 Data sizes:     COMRAM   BANK0   BANK1   BANK2   BANK3   BANK4   BANK5   BANK6   BANK7
      Params:         2       0       0       0       0       0       0       0       0
      Locals:         0       0       0       0       0       0       0       0       0
      Temps:          0       0       0       0       0       0       0       0       0
      Totals:         2       0       0       0       0       0       0       0       0
Total ram usage:        2 bytes
 Hardware stack levels used:    1
 Hardware stack levels required when called:    2
 This function calls:
		Nothing
 This function is called by:
		_fsm_cube
 This function uses a non-reentrant model


 *************** function _rand *****************
 Defined at:
		line 12 in file "/Applications/microchip/xc8/v2.05/pic/sources/c90/common/rand.c"
 Parameters:    Size  Location     Type
		None
 Auto vars:     Size  Location     Type
		None
 Return value:  Size  Location     Type
                  2   13[COMRAM] int 
 Registers used:
		wreg, status,2, status,0, cstack
 Tracked objects:
		On entry : 
		On exit  : 
		Unchanged: 
 Data sizes:     COMRAM   BANK0   BANK1   BANK2   BANK3   BANK4   BANK5   BANK6   BANK7
      Params:         2       0       0       0       0       0       0       0       0
      Locals:         0       0       0       0       0       0       0       0       0
      Temps:          0       0       0       0       0       0       0       0       0
      Totals:         2       0       0       0       0       0       0       0       0
Total ram usage:        2 bytes
 Hardware stack levels used:    1
 Hardware stack levels required when called:    3
 This function calls:
		___lmul
 This function is called by:
		_fsm_cube
 This function uses a non-reentrant model


 *************** function ___lmul *****************
 Defined at:
		line 15 in file "/Applications/microchip/xc8/v2.05/pic/sources/c90/common/Umul32.c"
 Parameters:    Size  Location     Type
  multiplier      4    1[COMRAM] unsigned long 
  multiplicand    4    5[COMRAM] unsigned long 
 Auto vars:     Size  Location     Type
  product         4    9[COMRAM] unsigned long 
 Return value:  Size  Location     Type
                  4    1[COMRAM] unsigned long 
 Registers used:
		wreg, status,2, status,0
 Tracked objects:
		On entry : 
		On exit  : 
		Unchanged: 
 Data sizes:     COMRAM   BANK0   BANK1   BANK2   BANK3   BANK4   BANK5   BANK6   BANK7
      Params:         8       0       0       0       0       0       0       0       0
      Locals:         4       0       0       0       0       0       0       0       0
      Temps:          0       0       0       0       0       0       0       0       0
      Totals:        12       0       0       0       0       0       0       0       0
Total ram usage:       12 bytes
 Hardware stack levels used:    1
 Hardware stack levels required when called:    2
 This function calls:
		Nothing
 This function is called by:
		_rand
 This function uses a non-reentrant model


 *************** function _fire_led *****************
 Defined at:
		line 361 in file "fsm_cube.c"
 Parameters:    Size  Location     Type
  ledint          1    wreg     unsigned char 
 Auto vars:     Size  Location     Type
  ledint          1    1[COMRAM] unsigned char 
 Return value:  Size  Location     Type
                  1    wreg      void 
 Registers used:
		wreg, status,2, status,0
 Tracked objects:
		On entry : 
		On exit  : 
		Unchanged: 
 Data sizes:     COMRAM   BANK0   BANK1   BANK2   BANK3   BANK4   BANK5   BANK6   BANK7
      Params:         0       0       0       0       0       0       0       0       0
      Locals:         1       0       0       0       0       0       0       0       0
      Temps:          0       0       0       0       0       0       0       0       0
      Totals:         1       0       0       0       0       0       0       0       0
Total ram usage:        1 bytes
 Hardware stack levels used:    1
 Hardware stack levels required when called:    2
 This function calls:
		Nothing
 This function is called by:
		_fsm_cube
 This function uses a non-reentrant model


 *************** function _checkbutton *****************
 Defined at:
		line 392 in file "fsm_cube.c"
 Parameters:    Size  Location     Type
		None
 Auto vars:     Size  Location     Type
		None
 Return value:  Size  Location     Type
                  1    wreg      unsigned char 
 Registers used:
		wreg
 Tracked objects:
		On entry : 
		On exit  : 
		Unchanged: 
 Data sizes:     COMRAM   BANK0   BANK1   BANK2   BANK3   BANK4   BANK5   BANK6   BANK7
      Params:         0       0       0       0       0       0       0       0       0
      Locals:         0       0       0       0       0       0       0       0       0
      Temps:          0       0       0       0       0       0       0       0       0
      Totals:         0       0       0       0       0       0       0       0       0
Total ram usage:        0 bytes
 Hardware stack levels used:    1
 Hardware stack levels required when called:    2
 This function calls:
		Nothing
 This function is called by:
		_fsm_cube
 This function uses a non-reentrant model


 *************** function _buttonpressed *****************
 Defined at:
		line 385 in file "fsm_cube.c"
 Parameters:    Size  Location     Type
		None
 Auto vars:     Size  Location     Type
		None
 Return value:  Size  Location     Type
                  1    wreg      unsigned char 
 Registers used:
		wreg
 Tracked objects:
		On entry : 
		On exit  : 
		Unchanged: 
 Data sizes:     COMRAM   BANK0   BANK1   BANK2   BANK3   BANK4   BANK5   BANK6   BANK7
      Params:         0       0       0       0       0       0       0       0       0
      Locals:         0       0       0       0       0       0       0       0       0
      Temps:          0       0       0       0       0       0       0       0       0
      Totals:         0       0       0       0       0       0       0       0       0
Total ram usage:        0 bytes
 Hardware stack levels used:    1
 Hardware stack levels required when called:    2
 This function calls:
		Nothing
 This function is called by:
		_fsm_cube
 This function uses a non-reentrant model


 *************** function _abs *****************
 Defined at:
		line 4 in file "/Applications/microchip/xc8/v2.05/pic/sources/c90/common/abs.c"
 Parameters:    Size  Location     Type
  a               2    1[COMRAM] int 
 Auto vars:     Size  Location     Type
		None
 Return value:  Size  Location     Type
                  2    1[COMRAM] int 
 Registers used:
		wreg, status,2, status,0
 Tracked objects:
		On entry : 
		On exit  : 
		Unchanged: 
 Data sizes:     COMRAM   BANK0   BANK1   BANK2   BANK3   BANK4   BANK5   BANK6   BANK7
      Params:         2       0       0       0       0       0       0       0       0
      Locals:         0       0       0       0       0       0       0       0       0
      Temps:          2       0       0       0       0       0       0       0       0
      Totals:         4       0       0       0       0       0       0       0       0
Total ram usage:        4 bytes
 Hardware stack levels used:    1
 Hardware stack levels required when called:    2
 This function calls:
		Nothing
 This function is called by:
		_fsm_cube
 This function uses a non-reentrant model


 *************** function ___lwdiv *****************
 Defined at:
		line 7 in file "/Applications/microchip/xc8/v2.05/pic/sources/c90/common/lwdiv.c"
 Parameters:    Size  Location     Type
  dividend        2    1[COMRAM] unsigned int 
  divisor         2    3[COMRAM] unsigned int 
 Auto vars:     Size  Location     Type
  quotient        2    5[COMRAM] unsigned int 
  counter         1    7[COMRAM] unsigned char 
 Return value:  Size  Location     Type
                  2    1[COMRAM] unsigned int 
 Registers used:
		wreg, status,2, status,0
 Tracked objects:
		On entry : 
		On exit  : 
		Unchanged: 
 Data sizes:     COMRAM   BANK0   BANK1   BANK2   BANK3   BANK4   BANK5   BANK6   BANK7
      Params:         4       0       0       0       0       0       0       0       0
      Locals:         3       0       0       0       0       0       0       0       0
      Temps:          0       0       0       0       0       0       0       0       0
      Totals:         7       0       0       0       0       0       0       0       0
Total ram usage:        7 bytes
 Hardware stack levels used:    1
 Hardware stack levels required when called:    2
 This function calls:
		Nothing
 This function is called by:
		_fsm_cube
 This function uses a non-reentrant model


 *************** function ___awmod *****************
 Defined at:
		line 7 in file "/Applications/microchip/xc8/v2.05/pic/sources/c90/common/awmod.c"
 Parameters:    Size  Location     Type
  dividend        2   15[COMRAM] int 
  divisor         2   17[COMRAM] int 
 Auto vars:     Size  Location     Type
  sign            1   20[COMRAM] unsigned char 
  counter         1   19[COMRAM] unsigned char 
 Return value:  Size  Location     Type
                  2   15[COMRAM] int 
 Registers used:
		wreg, status,2, status,0
 Tracked objects:
		On entry : 
		On exit  : 
		Unchanged: 
 Data sizes:     COMRAM   BANK0   BANK1   BANK2   BANK3   BANK4   BANK5   BANK6   BANK7
      Params:         4       0       0       0       0       0       0       0       0
      Locals:         2       0       0       0       0       0       0       0       0
      Temps:          0       0       0       0       0       0       0       0       0
      Totals:         6       0       0       0       0       0       0       0       0
Total ram usage:        6 bytes
 Hardware stack levels used:    1
 Hardware stack levels required when called:    2
 This function calls:
		Nothing
 This function is called by:
		_fsm_cube
 This function uses a non-reentrant model


 *************** function _AUDIO_stop *****************
 Defined at:
		line 69 in file "func_audio.c"
 Parameters:    Size  Location     Type
		None
 Auto vars:     Size  Location     Type
		None
 Return value:  Size  Location     Type
                  1    wreg      void 
 Registers used:
		wreg, status,2
 Tracked objects:
		On entry : 
		On exit  : 
		Unchanged: 
 Data sizes:     COMRAM   BANK0   BANK1   BANK2   BANK3   BANK4   BANK5   BANK6   BANK7
      Params:         0       0       0       0       0       0       0       0       0
      Locals:         0       0       0       0       0       0       0       0       0
      Temps:          0       0       0       0       0       0       0       0       0
      Totals:         0       0       0       0       0       0       0       0       0
Total ram usage:        0 bytes
 Hardware stack levels used:    1
 Hardware stack levels required when called:    2
 This function calls:
		Nothing
 This function is called by:
		_fsm_cube
 This function uses a non-reentrant model


 *************** function _AUDIO_play *****************
 Defined at:
		line 56 in file "func_audio.c"
 Parameters:    Size  Location     Type
  freq            2    1[COMRAM] unsigned int 
 Auto vars:     Size  Location     Type
		None
 Return value:  Size  Location     Type
                  1    wreg      void 
 Registers used:
		wreg, status,2
 Tracked objects:
		On entry : 
		On exit  : 
		Unchanged: 
 Data sizes:     COMRAM   BANK0   BANK1   BANK2   BANK3   BANK4   BANK5   BANK6   BANK7
      Params:         2       0       0       0       0       0       0       0       0
      Locals:         0       0       0       0       0       0       0       0       0
      Temps:          0       0       0       0       0       0       0       0       0
      Totals:         2       0       0       0       0       0       0       0       0
Total ram usage:        2 bytes
 Hardware stack levels used:    1
 Hardware stack levels required when called:    2
 This function calls:
		Nothing
 This function is called by:
		_fsm_cube
 This function uses a non-reentrant model


 *************** function _interrupt_handler *****************
 Defined at:
		line 152 in file "main.c"
 Parameters:    Size  Location     Type
		None
 Auto vars:     Size  Location     Type
		None
 Return value:  Size  Location     Type
                  1    wreg      void 
 Registers used:
		wreg, status,2, status,0, cstack
 Tracked objects:
		On entry : 
		On exit  : 
		Unchanged: 
 Data sizes:     COMRAM   BANK0   BANK1   BANK2   BANK3   BANK4   BANK5   BANK6   BANK7
      Params:         0       0       0       0       0       0       0       0       0
      Locals:         0       0       0       0       0       0       0       0       0
      Temps:          0       0       0       0       0       0       0       0       0
      Totals:         0       0       0       0       0       0       0       0       0
Total ram usage:        0 bytes
 Hardware stack levels used:    1
 Hardware stack levels required when called:    1
 This function calls:
		_AUDIO_ISR
 This function is called by:
		Interrupt level 2
 This function uses a non-reentrant model


 *************** function _AUDIO_ISR *****************
 Defined at:
		line 81 in file "func_audio.c"
 Parameters:    Size  Location     Type
		None
 Auto vars:     Size  Location     Type
		None
 Return value:  Size  Location     Type
                  1    wreg      void 
 Registers used:
		wreg, status,2, status,0
 Tracked objects:
		On entry : 
		On exit  : 
		Unchanged: 
 Data sizes:     COMRAM   BANK0   BANK1   BANK2   BANK3   BANK4   BANK5   BANK6   BANK7
      Params:         0       0       0       0       0       0       0       0       0
      Locals:         0       0       0       0       0       0       0       0       0
      Temps:          1       0       0       0       0       0       0       0       0
      Totals:         1       0       0       0       0       0       0       0       0
Total ram usage:        1 bytes
 Hardware stack levels used:    1
 This function calls:
		Nothing
 This function is called by:
		_interrupt_handler
 This function uses a non-reentrant model



MODULE INFORMATION

Module		Function		Class		Link	Load	Size
func_audio.c
		_AUDIO_play    		CODE           	1CB2	0000	17
		_AUDIO_stop    		CODE           	1CD0	0000	7
		_AUDIO_ISR     		CODE           	1BDC	0000	51
		_AUDIO_init    		CODE           	1C8C	0000	21
		_OpenTimer1    		CODE           	1854	0000	115

func_audio.c estimated size: 211

/Applications/microchip/xc8/v2.05/pic/sources/c90/common/lwdiv.c
		___lwdiv       		CODE           	1A8C	0000	83

/Applications/microchip/xc8/v2.05/pic/sources/c90/common/lwdiv.c estimated size: 83

fsm_cube.c
		_fsm_cube      		CODE           	1016	0000	1861
		_fsm_cube_init 		CODE           	1BAA	0000	51
		_buttonpressed 		CODE           	1C58	0000	29
		_checkbutton   		CODE           	1B76	0000	53
		_fire_led      		CODE           	1B2C	0000	75

fsm_cube.c estimated size: 2069

/Applications/microchip/xc8/v2.05/pic/sources/c90/common/abs.c
		_abs           		CODE           	1C0E	0000	41

/Applications/microchip/xc8/v2.05/pic/sources/c90/common/abs.c estimated size: 41

/Applications/microchip/xc8/v2.05/pic/sources/c90/common/Umul32.c
		___lmul        		CODE           	1990	0000	87

/Applications/microchip/xc8/v2.05/pic/sources/c90/common/Umul32.c estimated size: 87

/Applications/microchip/xc8/v2.05/pic/sources/c90/common/rand.c
		_srand         		CODE           	1CC2	0000	15
		_rand          		CODE           	1A3A	0000	83

/Applications/microchip/xc8/v2.05/pic/sources/c90/common/rand.c estimated size: 98

shared
		__initialization		CODE           	175A	0000	121

shared estimated size: 121

/Applications/microchip/xc8/v2.05/pic/sources/c90/common/awmod.c
		___awmod       		CODE           	18C6	0000	113

/Applications/microchip/xc8/v2.05/pic/sources/c90/common/awmod.c estimated size: 113

main.c
		_init          		CODE           	1ADE	0000	79
		_main          		CODE           	1C74	0000	25
		_OpenTimer0    		CODE           	19E6	0000	85
		_timed_to_1ms  		CODE           	1CA0	0000	19
		_interrupt_handler		CODE           	1008	0000	11

main.c estimated size: 219

